# serializer version: 1
# name: test_diagnostics_of_the_entry_match_the_snapshot
  dict({
    'entry': dict({
      'minor_version': 2,
      'version': 1,
    }),
    'windows': list([
      dict({
        'configuration': dict({
          'disabled_functions': list([
          ]),
          'faults': list([
          ]),
          'group_missing': False,
          'member_settings': list([
            dict({
              'member_id': '**REDACTED**',
              'settings': list([
                dict({
                  'capability': None,
                  'cautious': False,
                  'effective': 1.2,
                  'group_id': None,
                  'key': 'glass_height',
                  'level': 'built_in',
                  'unavailable': None,
                  'value': 1.2,
                }),
                dict({
                  'capability': None,
                  'cautious': False,
                  'effective': 0.0,
                  'group_id': None,
                  'key': 'top_offset',
                  'level': 'built_in',
                  'unavailable': None,
                  'value': 0.0,
                }),
                dict({
                  'capability': None,
                  'cautious': False,
                  'effective': 0,
                  'group_id': None,
                  'key': 'calibration_seat',
                  'level': 'built_in',
                  'unavailable': None,
                  'value': 0,
                }),
                dict({
                  'capability': None,
                  'cautious': False,
                  'effective': 100,
                  'group_id': None,
                  'key': 'calibration_glass_top',
                  'level': 'built_in',
                  'unavailable': None,
                  'value': 100,
                }),
              ]),
            }),
          ]),
          'members': list([
            dict({
              'capabilities': dict({
                'capabilities_known': True,
                'position_source': 'calculated',
                'position_updates': 'end_only',
                'report_delay': 0.0,
                'reports_position': True,
                'reports_transit_states': 'unknown',
                'stated_tolerance': None,
                'supports_open_close': True,
                'supports_set_position': True,
                'supports_stop': True,
                'travel_time_down': 60.0,
                'travel_time_up': 60.0,
              }),
              'member_id': '**REDACTED**',
            }),
          ]),
          'settings': list([
            dict({
              'capability': None,
              'cautious': False,
              'effective': 'roller_shutter',
              'group_id': None,
              'key': 'covering_type',
              'level': 'built_in',
              'unavailable': None,
              'value': 'roller_shutter',
            }),
            dict({
              'capability': None,
              'cautious': False,
              'effective': None,
              'group_id': None,
              'key': 'morning_condition_source',
              'level': 'built_in',
              'unavailable': None,
              'value': None,
            }),
            dict({
              'capability': None,
              'cautious': False,
              'effective': list([
              ]),
              'group_id': None,
              'key': 'shading_temperature_tiers',
              'level': 'built_in',
              'unavailable': None,
              'value': list([
              ]),
            }),
            dict({
              'capability': None,
              'cautious': False,
              'effective': 'default',
              'group_id': None,
              'key': 'schedule_profile',
              'level': 'built_in',
              'unavailable': None,
              'value': 'default',
            }),
            dict({
              'capability': None,
              'cautious': False,
              'effective': None,
              'group_id': None,
              'key': 'frost_source',
              'level': 'built_in',
              'unavailable': None,
              'value': None,
            }),
            dict({
              'capability': None,
              'cautious': False,
              'effective': 0.0,
              'group_id': None,
              'key': 'frost_threshold',
              'level': 'built_in',
              'unavailable': None,
              'value': 0.0,
            }),
            dict({
              'capability': None,
              'cautious': False,
              'effective': 1.0,
              'group_id': None,
              'key': 'frost_hysteresis',
              'level': 'built_in',
              'unavailable': None,
              'value': 1.0,
            }),
            dict({
              'capability': None,
              'cautious': False,
              'effective': 90,
              'group_id': None,
              'key': 'frost_position',
              'level': 'built_in',
              'unavailable': None,
              'value': 90,
            }),
            dict({
              'capability': None,
              'cautious': False,
              'effective': False,
              'group_id': None,
              'key': 'frost_applies_to_protection',
              'level': 'built_in',
              'unavailable': None,
              'value': False,
            }),
            dict({
              'capability': None,
              'cautious': False,
              'effective': False,
              'group_id': None,
              'key': 'frost_hold_closed',
              'level': 'built_in',
              'unavailable': None,
              'value': False,
            }),
            dict({
              'capability': None,
              'cautious': False,
              'effective': 5,
              'group_id': None,
              'key': 'motor_min_change',
              'level': 'built_in',
              'unavailable': None,
              'value': 5,
            }),
            dict({
              'capability': None,
              'cautious': False,
              'effective': 600.0,
              'group_id': None,
              'key': 'motor_min_interval',
              'level': 'built_in',
              'unavailable': None,
              'value': 600.0,
            }),
            dict({
              'capability': None,
              'cautious': False,
              'effective': 300.0,
              'group_id': None,
              'key': 'reevaluate_after',
              'level': 'built_in',
              'unavailable': None,
              'value': 300.0,
            }),
            dict({
              'capability': None,
              'cautious': False,
              'effective': 'fixed_time',
              'group_id': None,
              'key': 'schedule_workday_morning_kind',
              'level': 'global',
              'unavailable': None,
              'value': 'fixed_time',
            }),
            dict({
              'capability': None,
              'cautious': False,
              'effective': '07:00:00',
              'group_id': None,
              'key': 'schedule_workday_morning_time',
              'level': 'global',
              'unavailable': None,
              'value': '07:00:00',
            }),
            dict({
              'capability': None,
              'cautious': False,
              'effective': 0,
              'group_id': None,
              'key': 'schedule_workday_morning_offset_minutes',
              'level': 'built_in',
              'unavailable': None,
              'value': 0,
            }),
            dict({
              'capability': None,
              'cautious': False,
              'effective': 0.0,
              'group_id': None,
              'key': 'schedule_workday_morning_elevation',
              'level': 'built_in',
              'unavailable': None,
              'value': 0.0,
            }),
            dict({
              'capability': None,
              'cautious': False,
              'effective': '06:00:00',
              'group_id': None,
              'key': 'schedule_workday_morning_not_before',
              'level': 'built_in',
              'unavailable': None,
              'value': '06:00:00',
            }),
            dict({
              'capability': None,
              'cautious': False,
              'effective': '09:00:00',
              'group_id': None,
              'key': 'schedule_workday_morning_not_after',
              'level': 'built_in',
              'unavailable': None,
              'value': '09:00:00',
            }),
            dict({
              'capability': None,
              'cautious': False,
              'effective': 'fixed_time',
              'group_id': None,
              'key': 'schedule_workday_evening_kind',
              'level': 'global',
              'unavailable': None,
              'value': 'fixed_time',
            }),
            dict({
              'capability': None,
              'cautious': False,
              'effective': '20:00:00',
              'group_id': None,
              'key': 'schedule_workday_evening_time',
              'level': 'global',
              'unavailable': None,
              'value': '20:00:00',
            }),
            dict({
              'capability': None,
              'cautious': False,
              'effective': 0,
              'group_id': None,
              'key': 'schedule_workday_evening_offset_minutes',
              'level': 'built_in',
              'unavailable': None,
              'value': 0,
            }),
            dict({
              'capability': None,
              'cautious': False,
              'effective': 0.0,
              'group_id': None,
              'key': 'schedule_workday_evening_elevation',
              'level': 'built_in',
              'unavailable': None,
              'value': 0.0,
            }),
            dict({
              'capability': None,
              'cautious': False,
              'effective': '17:00:00',
              'group_id': None,
              'key': 'schedule_workday_evening_not_before',
              'level': 'built_in',
              'unavailable': None,
              'value': '17:00:00',
            }),
            dict({
              'capability': None,
              'cautious': False,
              'effective': '22:00:00',
              'group_id': None,
              'key': 'schedule_workday_evening_not_after',
              'level': 'built_in',
              'unavailable': None,
              'value': '22:00:00',
            }),
            dict({
              'capability': None,
              'cautious': False,
              'effective': 'fixed_time',
              'group_id': None,
              'key': 'schedule_weekend_morning_kind',
              'level': 'global',
              'unavailable': None,
              'value': 'fixed_time',
            }),
            dict({
              'capability': None,
              'cautious': False,
              'effective': '08:30:00',
              'group_id': None,
              'key': 'schedule_weekend_morning_time',
              'level': 'global',
              'unavailable': None,
              'value': '08:30:00',
            }),
            dict({
              'capability': None,
              'cautious': False,
              'effective': 0,
              'group_id': None,
              'key': 'schedule_weekend_morning_offset_minutes',
              'level': 'built_in',
              'unavailable': None,
              'value': 0,
            }),
            dict({
              'capability': None,
              'cautious': False,
              'effective': 0.0,
              'group_id': None,
              'key': 'schedule_weekend_morning_elevation',
              'level': 'built_in',
              'unavailable': None,
              'value': 0.0,
            }),
            dict({
              'capability': None,
              'cautious': False,
              'effective': '06:00:00',
              'group_id': None,
              'key': 'schedule_weekend_morning_not_before',
              'level': 'built_in',
              'unavailable': None,
              'value': '06:00:00',
            }),
            dict({
              'capability': None,
              'cautious': False,
              'effective': '09:00:00',
              'group_id': None,
              'key': 'schedule_weekend_morning_not_after',
              'level': 'built_in',
              'unavailable': None,
              'value': '09:00:00',
            }),
            dict({
              'capability': None,
              'cautious': False,
              'effective': 'fixed_time',
              'group_id': None,
              'key': 'schedule_weekend_evening_kind',
              'level': 'global',
              'unavailable': None,
              'value': 'fixed_time',
            }),
            dict({
              'capability': None,
              'cautious': False,
              'effective': '21:00:00',
              'group_id': None,
              'key': 'schedule_weekend_evening_time',
              'level': 'global',
              'unavailable': None,
              'value': '21:00:00',
            }),
            dict({
              'capability': None,
              'cautious': False,
              'effective': 0,
              'group_id': None,
              'key': 'schedule_weekend_evening_offset_minutes',
              'level': 'built_in',
              'unavailable': None,
              'value': 0,
            }),
            dict({
              'capability': None,
              'cautious': False,
              'effective': 0.0,
              'group_id': None,
              'key': 'schedule_weekend_evening_elevation',
              'level': 'built_in',
              'unavailable': None,
              'value': 0.0,
            }),
            dict({
              'capability': None,
              'cautious': False,
              'effective': '17:00:00',
              'group_id': None,
              'key': 'schedule_weekend_evening_not_before',
              'level': 'built_in',
              'unavailable': None,
              'value': '17:00:00',
            }),
            dict({
              'capability': None,
              'cautious': False,
              'effective': '22:00:00',
              'group_id': None,
              'key': 'schedule_weekend_evening_not_after',
              'level': 'built_in',
              'unavailable': None,
              'value': '22:00:00',
            }),
            dict({
              'capability': None,
              'cautious': False,
              'effective': 'fixed_time',
              'group_id': None,
              'key': 'schedule_holiday_morning_kind',
              'level': 'global',
              'unavailable': None,
              'value': 'fixed_time',
            }),
            dict({
              'capability': None,
              'cautious': False,
              'effective': '09:00:00',
              'group_id': None,
              'key': 'schedule_holiday_morning_time',
              'level': 'global',
              'unavailable': None,
              'value': '09:00:00',
            }),
            dict({
              'capability': None,
              'cautious': False,
              'effective': 0,
              'group_id': None,
              'key': 'schedule_holiday_morning_offset_minutes',
              'level': 'built_in',
              'unavailable': None,
              'value': 0,
            }),
            dict({
              'capability': None,
              'cautious': False,
              'effective': 0.0,
              'group_id': None,
              'key': 'schedule_holiday_morning_elevation',
              'level': 'built_in',
              'unavailable': None,
              'value': 0.0,
            }),
            dict({
              'capability': None,
              'cautious': False,
              'effective': '06:00:00',
              'group_id': None,
              'key': 'schedule_holiday_morning_not_before',
              'level': 'built_in',
              'unavailable': None,
              'value': '06:00:00',
            }),
            dict({
              'capability': None,
              'cautious': False,
              'effective': '09:00:00',
              'group_id': None,
              'key': 'schedule_holiday_morning_not_after',
              'level': 'built_in',
              'unavailable': None,
              'value': '09:00:00',
            }),
            dict({
              'capability': None,
              'cautious': False,
              'effective': 'fixed_time',
              'group_id': None,
              'key': 'schedule_holiday_evening_kind',
              'level': 'global',
              'unavailable': None,
              'value': 'fixed_time',
            }),
            dict({
              'capability': None,
              'cautious': False,
              'effective': '21:30:00',
              'group_id': None,
              'key': 'schedule_holiday_evening_time',
              'level': 'global',
              'unavailable': None,
              'value': '21:30:00',
            }),
            dict({
              'capability': None,
              'cautious': False,
              'effective': 0,
              'group_id': None,
              'key': 'schedule_holiday_evening_offset_minutes',
              'level': 'built_in',
              'unavailable': None,
              'value': 0,
            }),
            dict({
              'capability': None,
              'cautious': False,
              'effective': 0.0,
              'group_id': None,
              'key': 'schedule_holiday_evening_elevation',
              'level': 'built_in',
              'unavailable': None,
              'value': 0.0,
            }),
            dict({
              'capability': None,
              'cautious': False,
              'effective': '17:00:00',
              'group_id': None,
              'key': 'schedule_holiday_evening_not_before',
              'level': 'built_in',
              'unavailable': None,
              'value': '17:00:00',
            }),
            dict({
              'capability': None,
              'cautious': False,
              'effective': '22:00:00',
              'group_id': None,
              'key': 'schedule_holiday_evening_not_after',
              'level': 'built_in',
              'unavailable': None,
              'value': '22:00:00',
            }),
            dict({
              'capability': None,
              'cautious': False,
              'effective': True,
              'group_id': None,
              'key': 'schedule_enabled',
              'level': 'global',
              'unavailable': None,
              'value': True,
            }),
            dict({
              'capability': None,
              'cautious': False,
              'effective': 100,
              'group_id': None,
              'key': 'schedule_morning_position',
              'level': 'built_in',
              'unavailable': None,
              'value': 100,
            }),
            dict({
              'capability': None,
              'cautious': False,
              'effective': 0,
              'group_id': None,
              'key': 'schedule_evening_position',
              'level': 'built_in',
              'unavailable': None,
              'value': 0,
            }),
            dict({
              'capability': None,
              'cautious': False,
              'effective': 0,
              'group_id': None,
              'key': 'schedule_evening_position_summer',
              'level': 'built_in',
              'unavailable': None,
              'value': 0,
            }),
            dict({
              'capability': None,
              'cautious': False,
              'effective': '**REDACTED**',
              'group_id': None,
              'key': 'schedule_workday_source',
              'level': 'window',
              'unavailable': None,
              'value': '**REDACTED**',
            }),
            dict({
              'capability': None,
              'cautious': False,
              'effective': None,
              'group_id': None,
              'key': 'schedule_holiday_source',
              'level': 'built_in',
              'unavailable': None,
              'value': None,
            }),
            dict({
              'capability': None,
              'cautious': False,
              'effective': None,
              'group_id': None,
              'key': 'schedule_season_source',
              'level': 'built_in',
              'unavailable': None,
              'value': None,
            }),
            dict({
              'capability': None,
              'cautious': False,
              'effective': False,
              'group_id': None,
              'key': 'schedule_summer_by_date',
              'level': 'built_in',
              'unavailable': None,
              'value': False,
            }),
            dict({
              'capability': None,
              'cautious': False,
              'effective': list([
                5,
                1,
              ]),
              'group_id': None,
              'key': 'schedule_summer_first_day',
              'level': 'built_in',
              'unavailable': None,
              'value': list([
                5,
                1,
              ]),
            }),
            dict({
              'capability': None,
              'cautious': False,
              'effective': list([
                9,
                30,
              ]),
              'group_id': None,
              'key': 'schedule_summer_last_day',
              'level': 'built_in',
              'unavailable': None,
              'value': list([
                9,
                30,
              ]),
            }),
            dict({
              'capability': None,
              'cautious': False,
              'effective': None,
              'group_id': None,
              'key': 'schedule_brightness_source',
              'level': 'built_in',
              'unavailable': None,
              'value': None,
            }),
            dict({
              'capability': None,
              'cautious': False,
              'effective': 50.0,
              'group_id': None,
              'key': 'schedule_brightness_threshold',
              'level': 'built_in',
              'unavailable': None,
              'value': 50.0,
            }),
            dict({
              'capability': None,
              'cautious': False,
              'effective': 600.0,
              'group_id': None,
              'key': 'schedule_brightness_delay',
              'level': 'built_in',
              'unavailable': None,
              'value': 600.0,
            }),
            dict({
              'capability': None,
              'cautious': False,
              'effective': 0.0,
              'group_id': None,
              'key': 'schedule_random_offset',
              'level': 'built_in',
              'unavailable': None,
              'value': 0.0,
            }),
            dict({
              'capability': None,
              'cautious': False,
              'effective': False,
              'group_id': None,
              'key': 'shading_use_measurements',
              'level': 'built_in',
              'unavailable': None,
              'value': False,
            }),
            dict({
              'capability': None,
              'cautious': False,
              'effective': 30,
              'group_id': None,
              'key': 'shading_fixed_position',
              'level': 'built_in',
              'unavailable': None,
              'value': 30,
            }),
            dict({
              'capability': None,
              'cautious': False,
              'effective': False,
              'group_id': None,
              'key': 'shading_orientation_known',
              'level': 'built_in',
              'unavailable': None,
              'value': False,
            }),
            dict({
              'capability': None,
              'cautious': False,
              'effective': 180.0,
              'group_id': None,
              'key': 'shading_orientation',
              'level': 'built_in',
              'unavailable': None,
              'value': 180.0,
            }),
            dict({
              'capability': None,
              'cautious': False,
              'effective': 90.0,
              'group_id': None,
              'key': 'shading_view_left',
              'level': 'built_in',
              'unavailable': None,
              'value': 90.0,
            }),
            dict({
              'capability': None,
              'cautious': False,
              'effective': 90.0,
              'group_id': None,
              'key': 'shading_view_right',
              'level': 'built_in',
              'unavailable': None,
              'value': 90.0,
            }),
            dict({
              'capability': None,
              'cautious': False,
              'effective': 0.0,
              'group_id': None,
              'key': 'shading_min_elevation',
              'level': 'built_in',
              'unavailable': None,
              'value': 0.0,
            }),
            dict({
              'capability': None,
              'cautious': False,
              'effective': 0.0,
              'group_id': None,
              'key': 'shading_end_elevation',
              'level': 'built_in',
              'unavailable': None,
              'value': 0.0,
            }),
            dict({
              'capability': None,
              'cautious': False,
              'effective': 0.9,
              'group_id': None,
              'key': 'shading_element_bottom',
              'level': 'built_in',
              'unavailable': None,
              'value': 0.9,
            }),
            dict({
              'capability': None,
              'cautious': False,
              'effective': 1.2,
              'group_id': None,
              'key': 'shading_element_height',
              'level': 'built_in',
              'unavailable': None,
              'value': 1.2,
            }),
            dict({
              'capability': None,
              'cautious': False,
              'effective': 0.5,
              'group_id': None,
              'key': 'shading_depth',
              'level': 'built_in',
              'unavailable': None,
              'value': 0.5,
            }),
            dict({
              'capability': None,
              'cautious': False,
              'effective': 90.0,
              'group_id': None,
              'key': 'shading_pitch',
              'level': 'built_in',
              'unavailable': None,
              'value': 90.0,
            }),
            dict({
              'capability': None,
              'cautious': False,
              'effective': 2.0,
              'group_id': None,
              'key': 'shading_amplification_cap',
              'level': 'built_in',
              'unavailable': None,
              'value': 2.0,
            }),
            dict({
              'capability': None,
              'cautious': False,
              'effective': 0,
              'group_id': None,
              'key': 'shading_calibration_seat',
              'level': 'built_in',
              'unavailable': None,
              'value': 0,
            }),
            dict({
              'capability': None,
              'cautious': False,
              'effective': 100,
              'group_id': None,
              'key': 'shading_calibration_glass_top',
              'level': 'built_in',
              'unavailable': None,
              'value': 100,
            }),
          ]),
        }),
        'dry_run': True,
        'name': '**REDACTED**',
        'not_controlled': None,
        'persisted_state': dict({
          'brightness_below_since': None,
          'evening_brightness_at': None,
          'external_request': None,
          'fire_unacknowledged': False,
          'frost_waiver_until': None,
          'held_frost': None,
          'held_season': None,
          'last_comfort_movement': None,
          'latched_day_types': list([
            dict({
              'day': '2026-09-21',
              'day_type': 'workday',
              'fallback': True,
            }),
          ]),
          'manual_override': None,
          'members': list([
          ]),
          'owner': 'unknown',
          'person_at_window': None,
          'protection_events': list([
          ]),
          'schema_version': 1,
          'shading_episode': None,
          'simulated': dict({
            'commands': list([
              dict({
                'command': dict({
                  'command_id': '**REDACTED**',
                  'context_id': None,
                  'direction': 'up',
                  'reason': 'schedule_day',
                  'target': 100,
                  'time': '2026-09-21T08:00:01.500000+00:00',
                  'wish_class': 'comfort',
                }),
                'member_id': '**REDACTED**',
              }),
            ]),
            'last_comfort_movement': '2026-09-21T08:00:01.500000+00:00',
          }),
          'solar_heating_episode': None,
        }),
        'recent_decisions': list([
          dict({
            'constraints': list([
            ]),
            'deferred_until': None,
            'dry_run': True,
            'faults': list([
            ]),
            'first_made_at': '2026-09-21T10:00:01.500000+02:00',
            'function': 'schedule',
            'gate_outcome': 'suppress',
            'gate_reason': 'dry_run',
            'gate_rule': 'dry_run',
            'layer': 'schedule',
            'member_targets': list([
              dict({
                'member_id': '**REDACTED**',
                'position': 100,
              }),
            ]),
            'other_layers': list([
              dict({
                'function': None,
                'layer': 'fire',
                'reason': 'not_configured',
              }),
              dict({
                'function': None,
                'layer': 'protection',
                'reason': 'not_configured',
              }),
              dict({
                'function': None,
                'layer': 'sleep',
                'reason': 'not_configured',
              }),
              dict({
                'function': None,
                'layer': 'external_request',
                'reason': 'not_configured',
              }),
              dict({
                'function': None,
                'layer': 'privacy',
                'reason': 'not_configured',
              }),
              dict({
                'function': None,
                'layer': 'shading',
                'reason': 'not_configured',
              }),
            ]),
            'target': 100,
            'wish': 'target',
            'wish_class': 'comfort',
            'wish_reason': 'schedule_day',
            'would_send': 100,
          }),
        ]),
        'status': dict({
          'commands': list([
          ]),
          'decision': dict({
            'constraints': list([
            ]),
            'deferred_until': None,
            'dry_run': True,
            'faults': list([
            ]),
            'function': 'schedule',
            'gate_outcome': 'suppress',
            'gate_reason': 'dry_run',
            'gate_rule': 'dry_run',
            'layer': 'schedule',
            'member_targets': list([
              dict({
                'member_id': '**REDACTED**',
                'position': 100,
              }),
            ]),
            'other_layers': list([
              dict({
                'function': None,
                'layer': 'fire',
                'reason': 'not_configured',
              }),
              dict({
                'function': None,
                'layer': 'protection',
                'reason': 'not_configured',
              }),
              dict({
                'function': None,
                'layer': 'sleep',
                'reason': 'not_configured',
              }),
              dict({
                'function': None,
                'layer': 'external_request',
                'reason': 'not_configured',
              }),
              dict({
                'function': None,
                'layer': 'privacy',
                'reason': 'not_configured',
              }),
              dict({
                'function': None,
                'layer': 'shading',
                'reason': 'not_configured',
              }),
            ]),
            'target': 100,
            'wish': 'target',
            'wish_class': 'comfort',
            'wish_reason': 'schedule_day',
            'would_send': 100,
          }),
          'dry_run': True,
          'error': None,
          'last_recompute': '2026-09-21T10:00:01.500000+02:00',
          'observation': list([
            dict({
              'member_id': '**REDACTED**',
              'observation': dict({
                'position': 50,
                'state': 'resting',
              }),
            }),
          ]),
          'phase': 'running',
          'recomputes': 1,
          'schedule': dict({
            'brightness_reason': None,
            'day_type': 'workday',
            'day_type_latched': True,
            'day_type_reason': 'day_type_fallback',
            'evaluated_at': '2026-09-21T08:00:01.500000+00:00',
            'evening_by_brightness': False,
            'evening_trigger': '2026-09-21T18:00:00+00:00',
            'morning_trigger': '2026-09-21T05:00:00+00:00',
            'next_action': dict({
              'at': '2026-09-21T18:00:00+00:00',
              'reason': 'schedule_night',
              'target': 0,
            }),
            'part_of_day': 'day',
            'part_of_day_since': '2026-09-21T05:00:00+00:00',
            'recheck_at': None,
            'season_reason': None,
            'summer': None,
          }),
          'sources': list([
            dict({
              'attribute': None,
              'entity_id': '**REDACTED**',
              'seen_unchanged_since': '2026-09-21T08:00:01.500000+00:00',
              'state': 'unavailable',
              'value': None,
            }),
          ]),
          'wake_up': dict({
            'at': '2026-09-21T08:01:01.500000+00:00',
            'reason': 'expectation_window_end',
          }),
        }),
        'subentry_id': 'w1',
      }),
    ]),
    'windows_not_set_up': list([
    ]),
  })
# ---
